Топ-300 слов в заголовках статей:
128 обсуждение
66 участника
44 категория
39 сельсовет
17 файл
17 шаблон
14 информации
14 массовой
14 средства
14 языке
10 василий
10 википедия
10 область
10 участник
9 иван
9 список
8 александр
8 клуб
7 борисенко
6 борисов
6 витебская
6 сем
5 абу
5 апреля
5 борин
5 джибути
5 иванович
5 мария
5 министры
5 николаевич
5 район
5 семенюков
5 флаг
5 шри
4 александрович
4 архив
4 борискин
4 бурлак
4 владимир
4 комики
4 ланки
4 национальных
4 николай
4 парков
4 поселение
4 поселения
4 проект
4 родившиеся
4 сельского
4 сельское
4 стендап
4 улица
3 андрей
3 баракат
3 бореев
3 боснии
3 герцеговины
3 дин
3 значения
3 иглесиас
3 казаринов
3 линц
3 лон
3 мячом
3 нович
3 новка
3 области
3 округ
3 пабло
3 павлович
3 партия
3 полк
3 пресвятой
3 роза
3 сергеевна
3 срейович
3 стадион
3 степанович
3 фуллер
3 хоккейный
3 хоккею
3 язык
3 японии
2 агальцова
2 александровна
2 али
2 аллах
2 аль
2 андрианович
2 анри
2 багдади
2 базисная
2 бахдон
2 бленч
2 блэк
2 богородицы
2 большая
2 борис
2 валентина
2 вега
2 вес
2 виктор
2 воинов
2 волна
2 всемирный
2 гамера
2 генрих
2 городов
2 григорий
2 дальнего
2 дар
2 действия
2 дел
2 демократическая
2 дмитриевич
2 дор
2 драгослав
2 древесная
2 духовная
2 дэвид
2 жорж
2 зевксина
2 золотар
2 имя
2 интернационалистов
2 келси
2 клов
2 константинович
2 кореопсис
2 кристофер
2 кюрике
2 ламмаш
2 левитская
2 лемма
2 линда
2 лый
2 люмле
2 маркс
2 марше
2 мелитополь
2 минский
2 михайлович
2 моритци
2 мумин
2 мухаммад
2 неделя
2 ник
2 новоселковский
2 озерецкий
2 палата
2 петербуржцев
2 петрович
2 природных
2 приток
2 ракетный
2 река
2 ритаусма
2 роджер
2 розовый
2 рясненский
2 святые
2 семинария
2 собор
2 социал
2 ссср
2 стерлинг
2 стрижень
2 сулейман
2 тереса
2 тирмизи
2 тная
2 толочинский
2 тужон
2 улучшению
2 умершие
2 утка
2 фарах
2 федеральная
2 федор
2 фернандес
2 физиология
2 фильм
2 фильмы
2 форум
2 франтишек
2 французский
2 фурман
2 хаким
2 хасан
2 число
2 шаблоны
2 швейцарский
2 эрет
2 эфиопии
2 эфиопская
2 юлия
2 янош
1 абазинском
1 абд
1 абдаллах
1 абебе
1 абера
1 абрамович
1 абхазском
1 аварском
1 авиационные
1 авиационный
1 автономный
1 авторитетность
1 агузаров
1 агульском
1 адмирал
1 адские
1 адыгейский
1 адыгейском
1 азербайджанском
1 акакий
1 акафиста
1 аквари
1 акимовском
1 акул
1 алан
1 александровка
1 алексеевич
1 алексей
1 алексиничский
1 аленовичский
1 алтайском
1 альбом
1 альбрехтовский
1 аман
1 амата
1 амир
1 анатолий
1 анд
1 андре
1 андреевич
1 андриянович
1 анже
1 анюйск
1 аппарат
1 арабская
1 арабском
1 арванген
1 аркадий
1 армян
1 армянская
1 армянском
1 асаф
1 ассирийском
1 асхаб
1 афэуорк
1 ахмад
1 баргийни
1 барджини
1 барсуки
1 басри
1 баури
1 баха
1 башкирском
1 бегство
1 бекешкина
1 белайне
1 белицкий
1 белобомская
1 белозерский
1 белокрылка
1 белорусец
1 белоруссия
1 белорусском
1 берсендр
1 бикила
1 биология
1 биртукан
1 бобби
1 богдановский
1 богородице
1 богушевский
1 болгуринское
1 бомон
1 бонифаций
1 бородинского
1 брак
1 братско
1 бреслау
1 брестская
1 броды
1 буда
1 бурак
1 бухари
1 бэндзайтэн
1 бэнтэн
1 бюро
1 вази
1 вайнер
1 валери
1 валерьевич
1 вали
1 вальтер
1 вариант

Топ-300 слов в статьях:
1452 что
1354 апреля
1263 район
784 деревня
758 это
727 как
706 категория
525 год
514 для
475 сенненский
441 года
437 его
428 если
409 место
405 или
383 толочинский
360 есть
353 при
335 название
332 статьи
329 так
326 также
314 обсуждение
311 примечания
310 был
309 статья
306 ссср
300 году
286 участника
283 все
282 википедия
270 участник
263 том
258 ссылки
256 нет
253 только
238 уже
235 можно
231 было
224 википедии
222 ото
219 россонский
205 файл
202 февраля
197 статью
195 ввп
195 книга
193 время
193 после
191 может
186 флаг
181 автор
178 состав
175 область
173 того
172 где
167 области
160 будет
157 района
154 быть
154 вот
154 мая
153 россии
152 список
151 они
151 статей
146 которые
144 про
143 была
143 статье
143 является
142 орден
142 цвет
141 дата
140 этом
139 высота
139 этого
138 были
136 медаль
136 ссылка
136 язык
135 более
135 совет
134 под
134 чтобы
133 имя
133 население
130 цитаты
129 марта
127 просто
126 даже
126 хан
126 чем
125 насел
123 полк
122 итог
121 кроули
121 сельсовет
117 действия
117 республики
117 там
116 вообще
116 мне
116 надо
116 населения
115 января
114 нных
113 заглавие
113 шаблон
112 издательство
112 когда
112 сайт
111 описание
110 очень
109 без
109 кто
109 нные
109 она
109 этот
107 страницы
104 можете
103 авиационный
103 вполне
103 например
102 значимость
102 хотя
101 тем
100 нужно
99 сатанизм
99 сша
99 фильм
99 фиттс
98 еще
98 источники
98 однако
97 вопрос
97 изображение
97 источник
97 проекта
96 глава
96 лет
95 случае
95 совета
94 вам
94 проект
94 раз
94 число
92 против
92 работы
92 смерти
92 тоже
91 который
90 истории
90 округ
90 этой
89 главы
89 дальнего
89 источников
89 один
88 июня
88 либо
87 связи
87 тут
86 беларусь
85 войны
85 других
84 евгений
84 именно
84 них
84 обсуждения
84 октября
84 тогда
83 белоруссия
83 карта
83 ноября
83 род
83 шри
82 всех
82 конец
82 страниц
81 город
81 душу
81 начало
81 правила
81 распространение
81 сельский
80 изображения
80 статус
80 удалить
79 два
79 имеет
79 имени
79 которых
79 лишь
79 часть
78 александр
78 пожалуйста
78 следует
78 тагмизян
77 армии
77 рождения
77 страна
76 национальный
76 станция
76 территории
75 здесь
75 мнение
74 история
74 перенаправление
74 поселения
74 российской
74 участников
74 человек
73 себя
73 сельского
72 армянской
72 вас
71 которая
71 красная
71 меня
71 национализм
71 организации
71 площадь
71 потому
71 спасибо
70 значения
70 музыки
70 степени
70 текст
69 казахстана
69 оставить
68 включает
68 издание
68 июля
68 ширина
67 возможно
67 карты
67 клуб
67 кроме
67 несколько
67 размер
67 среди
66 века
66 достаточно
66 между
66 пока
66 сайте
66 через
65 всего
65 города
65 код
65 почему
65 улица
64 реки
64 сделать
64 части
63 информации
63 ордена
63 средняя
63 эта
62 нас
62 обс
62 своей
62 эти
61 государственный
61 отечественной
61 поселение
61 ройсс
61 сейчас
61 сергей
61 тип
60 великой
60 которой
60 награды
60 ничего
59 мелитополь
59 числе
58 дядя
58 лучше
58 над
58 операция
58 согласно
58 удалению
58 федерации
57 вопросах
57 сельское
57 такой
57 франции
57 фред
56 военный
56 кино
56 мелитополя
56 могут
56 музыка
56 обратиться
56 площади
56 районе
56 сам
56 свой
56 франция

Распределение статей по размеру:
0 1
1 229
2 149
3 180
4 42
5 5

Распределение статей по времени:
2012 285
2013 32
2014 9
2015 21
2016 22
2017 20
2018 23
2019 43
2020 48
2021 103
